[markets.businessinsider.com/indices.html]
[backblue.gif]
[fade.gif]
[index.html]
[markets.businessinsider.com/opensearch.xml]
[markets.businessinsider.com/apple-touch-icon.png]
[markets.businessinsider.com/favicon-32x32.png]
[markets.businessinsider.com/favicon-16x16.png]
[markets.businessinsider.com/manifest.json]
[markets.businessinsider.com/safari-pinned-tab.svg]
[markets.businessinsider.com/Content/dist/fonts/LabGrotesqueBlack-Subset.woff2]
[markets.businessinsider.com/Content/dist/fonts/LabGrotesqueBold-Subset.woff2]
[markets.businessinsider.com/Content/dist/fonts/LabGrotesqueRegular-Subset.woff2]
[markets.businessinsider.com/Content/dist/fonts/PTSans-Regular-Subset.woff2]
[markets.businessinsider.com/Content/dist/fonts/TiemposText-Regular-Subset.woff2]
[markets.businessinsider.com/Content/dist/fonts/TiemposText-Bold-Subset.woff2]
[markets.businessinsider.com/Content/dist/fonts/TiemposText-BoldItalic-Subset.woff2]
[markets.businessinsider.com/Content/dist/fonts/TiemposText-Italic-Subset.woff2]
[markets.businessinsider.com/Content/dist/fonts/iconc2fd.woff2]
[markets.businessinsider.com/Content/dist/images/business-insider-logo.svg]
[markets.businessinsider.com/Content/dist/images/insider-intelligence-logo.svg]
[markets.businessinsider.com/Content/dist/images/insider-logo.svg]
[markets.businessinsider.com/Content/dist/images/markets-insider-logo.svg]
[markets.businessinsider.com/Content/dist/stylesb4b1.css]
[markets.businessinsider.com/cache/css/chartiq/stx-chartb4b1.css]
[markets.businessinsider.com/styles/markets-insider-shared-components.07bb9f08134712b477df.css]
[markets.businessinsider.com/Content/Scripts/jquery-1.11.3.minb4b1.js]
[markets.businessinsider.com/Content/Scripts/jquery.lazy-master/jquery.lazy.minb4b1.js]
[markets.businessinsider.com/Content/Scripts/jquery-ui.minb4b1.js]
[markets.businessinsider.com/Content/Scripts/jquery.color.minb4b1.js]
[markets.businessinsider.com/Content/Scripts/MDSnG/Config.minb4b1.js]
[markets.businessinsider.com/Content/Scripts/MDSnG/min/clientApi.minb4b1.js]
[markets.businessinsider.com/Content/dist/scriptsb4b1.js]
[markets.businessinsider.com/index.html]
[markets.businessinsider.com/mymarkets.html]
[markets.businessinsider.com/stocks.html]
[markets.businessinsider.com/commodities.html]
[markets.businessinsider.com/cryptocurrencies.html]
[markets.businessinsider.com/currencies.html]
[markets.businessinsider.com/etfs.html]
[markets.businessinsider.com/news.html]
[markets.businessinsider.com/economic-calendar.html]
[markets.businessinsider.com/earnings-calendar.html]
[markets.businessinsider.com/stocks/find-stocks.html]
[markets.businessinsider.com/bonds.html]
[markets.businessinsider.com/funds.html]
[markets.businessinsider.com/premarket.html]
[markets.businessinsider.com/index/market-movers/dow_jones.html]
[markets.businessinsider.com/index/dow_jones.html]
[markets.businessinsider.com/index/market-movers/dow_jones1020.html]
[markets.businessinsider.com/index/components/dow_jones1020.html]
[markets.businessinsider.com/stocks/dividends.html]
[markets.businessinsider.com/index/components/dow_jones.html]
[markets.businessinsider.com/index/s&p_500.html]
[markets.businessinsider.com/index/nasdaq_100.html]
[markets.businessinsider.com/news/ressort/commodities.html]
[markets.businessinsider.com/commodities/realtime-list.html]
[markets.businessinsider.com/commodities/gold-price.html]
[markets.businessinsider.com/commodities/oil-price.html]
[markets.businessinsider.com/commodities/copper-price.html]
[markets.businessinsider.com/currencies/btc-usd.html]
[markets.businessinsider.com/currencies/eth-usd.html]
[markets.businessinsider.com/news/ressort/currencies.html]
[markets.businessinsider.com/currencies/realtime-list.html]
[markets.businessinsider.com/currency-converter.html]
[markets.businessinsider.com/currencies/eur-usd.html]
[markets.businessinsider.com/currencies/gbp-usd.html]
[markets.businessinsider.com/index/us-dollar-index.html]
[markets.businessinsider.com/news/ressort/etf.html]
[markets.businessinsider.com/etf/finder.html]
[markets.businessinsider.com/etf/investmentcompanies.html]
[markets.businessinsider.com/index/dow_jones_global_dow.html]
[markets.businessinsider.com/index/nasdaq_composite.html]
[markets.businessinsider.com/index/nyse_international_100.html]
[markets.businessinsider.com/index/nyse_us_100.html]
[markets.businessinsider.com/index/russell_2000.html]
[markets.businessinsider.com/index/s&p_tsx_composite_index.html]
[markets.businessinsider.com/index/vix.html]
[markets.businessinsider.com/index/dax.html]
[markets.businessinsider.com/index/divdax-kursindex.html]
[markets.businessinsider.com/index/mdax.html]
[markets.businessinsider.com/index/aex.html]
[markets.businessinsider.com/index/tecdax.html]
[markets.businessinsider.com/index/cac_40.html]
[markets.businessinsider.com/index/ftse_100.html]
[markets.businessinsider.com/index/ibex_35.html]
[markets.businessinsider.com/index/omx.html]
[markets.businessinsider.com/index/smi.html]
[markets.businessinsider.com/index/bsx.html]
[markets.businessinsider.com/index/igpa.html]
[markets.businessinsider.com/index/ibc.html]
[markets.businessinsider.com/index/bvq.html]
[markets.businessinsider.com/index/rts.html]
[markets.businessinsider.com/index/sax.html]
[markets.businessinsider.com/index/egx30.html]
[markets.businessinsider.com/index/nse.html]
[markets.businessinsider.com/index/hang_seng.html]
[markets.businessinsider.com/index/kospi.html]
[markets.businessinsider.com/index/nikkei_225.html]
[markets.businessinsider.com/index/sensex.html]
[markets.businessinsider.com/index/shanghai_composite.html]
[markets.businessinsider.com/news/stocks/stock-market-today-fed-rate-cuts-outlook-tech-nvidia-amd-2024-7.html]
[markets.businessinsider.com/public/assets/MI/logos/MI-logo-dark-new.svg]
[markets.businessinsider.com/public/assets/BI/US/icons/facebook.svg]
[markets.businessinsider.com/public/assets/BI/US/icons/twitter.svg]
[markets.businessinsider.com/public/assets/logos/stacked-black.svg]
[markets.businessinsider.com/index/asx.html]
[markets.businessinsider.com/futures/dow-futures.html]
[markets.businessinsider.com/commodities/oil-priced9de.html]
[markets.businessinsider.com/commodities/silver-price.html]
[markets.businessinsider.com/commodities/cotton-price.html]
[markets.businessinsider.com/commodities/heating-oil-price.html]
[markets.businessinsider.com/commodities/aluminum-price.html]
[markets.businessinsider.com/commodities/natural-gas-price.html]
[markets.businessinsider.com/currencies/usd-cad.html]
[markets.businessinsider.com/currencies/usd-mxn.html]
[markets.businessinsider.com/currencies/usd-inr.html]
[markets.businessinsider.com/stocks/goog-stock.html]
[markets.businessinsider.com/stocks/meta-stock.html]
[markets.businessinsider.com/stocks/amzn-stock.html]
[markets.businessinsider.com/stocks/tsla-stock.html]
[markets.businessinsider.com/stocks/dow-stock.html]
[markets.businessinsider.com/your-privacy-choices.html]
[markets.businessinsider.com/public/assets/shared/privacy-options.svg]
[markets.businessinsider.com/public/assets/INSIDER/US/logos/Insider-logo-dark-opt.svg]
[markets.businessinsider.com/Content/Scripts/web-push/init.minb4b1.js]
[markets.businessinsider.com/scripts/utilities.66599a200b1bb1a65b5a.js]
[markets.businessinsider.com/scripts/vendors.b6c89389207583ea4fb1.js]
[markets.businessinsider.com/scripts/main.3b20c1a17b27e03d4f6d.js]
[markets.businessinsider.com/indices.html]
[markets.businessinsider.com/safari-pinned-tab.svg]
[markets.businessinsider.com/Content/dist/images/business-insider-logo.svg]
[markets.businessinsider.com/Content/dist/images/insider-intelligence-logo.svg]
[markets.businessinsider.com/Content/dist/images/insider-logo.svg]
[markets.businessinsider.com/Content/dist/images/markets-insider-logo.svg]
[markets.businessinsider.com/Content/dist/fonts/iconc2fd.woff]
[markets.businessinsider.com/Content/dist/fonts/iconc2fd.ttf]
[markets.businessinsider.com/Content/dist/fonts/iconc2fd.eot]
[markets.businessinsider.com/Content/dist/images/iconc2fd.svg]
[markets.businessinsider.com/Content/dist/images/logo-finanzen-ch.svg]
[markets.businessinsider.com/Content/dist/images/krypto-handeln-stoerer.svg]
[markets.businessinsider.com/Content/dist/images/apple-store-badge.svg]
[markets.businessinsider.com/Content/dist/images/google-play-badge.svg]
[markets.businessinsider.com/Content/dist/images/google_favicon.svg]
[markets.businessinsider.com/Content/dist/images/logo-boerse-online.svg]
[markets.businessinsider.com/Content/dist/images/logo-euro.svg]
[markets.businessinsider.com/Content/dist/images/moodys-rating.svg]
[markets.businessinsider.com/Content/dist/images/flags.svg]
[markets.businessinsider.com/Content/dist/stylesb4b1.css]
[markets.businessinsider.com/images/stx-sprite-panelse22e.svg]
[markets.businessinsider.com/images/stx-sprite-panelse22e.png]
[markets.businessinsider.com/images/stx-sprite-uie22e.svg]
[markets.businessinsider.com/Content/Styles/chartiq/img/closedhand.cur]
[markets.businessinsider.com/cache/css/chartiq/stx-chartb4b1.css]
[markets.businessinsider.com/public/assets/shared/exclamation.svg]
[markets.businessinsider.com/public/assets/BI/US/tick.svg]
[markets.businessinsider.com/public/assets/spinning-circle-loading.svg]
[markets.businessinsider.com/public/fonts/subset/LabGrotesque-Regular-subset.woff2]
[markets.businessinsider.com/public/fonts/subset/LabGrotesque-Regular-subset.woff]
[markets.businessinsider.com/public/fonts/subset/LabGrotesque-Black-subset.woff2]
[markets.businessinsider.com/public/fonts/subset/LabGrotesque-Black-subset.woff]
[markets.businessinsider.com/public/fonts/subset/LabGrotesque-BlackItalic-subset.woff2]
[markets.businessinsider.com/public/fonts/subset/LabGrotesque-BlackItalic-subset.woff]
[markets.businessinsider.com/styles/markets-insider-shared-components.07bb9f08134712b477df.css]
[markets.businessinsider.com/Content/dist/stylesaf4c.css]
[markets.businessinsider.com/cache/css/chartiq/stx-chartaf4c.css]
[markets.businessinsider.com/Content/Scripts/jquery-1.11.3.minaf4c.js]
[markets.businessinsider.com/Content/Scripts/jquery.lazy-master/jquery.lazy.minaf4c.js]
[markets.businessinsider.com/Content/Scripts/jquery-ui.minaf4c.js]
[markets.businessinsider.com/Content/Scripts/jquery.color.minaf4c.js]
[markets.businessinsider.com/Content/Scripts/MDSnG/Config.minaf4c.js]
[markets.businessinsider.com/Content/Scripts/MDSnG/min/clientApi.minaf4c.js]
[markets.businessinsider.com/Content/dist/scriptsaf4c.js]
[markets.businessinsider.com/images/unsortiert/gold-bar-hand-graph-chart.jpg]
[markets.businessinsider.com/news/currencies/bitcoin-price-reaction-trump-us-crypto-capital-planet-comments-impact-2024-7.html]
[markets.businessinsider.com/news/commodities/big-short-gold-price-outlook-investment-us-dollar-debt-levels-2024-7.html]
[markets.businessinsider.com/images/unsortiert/bitcoin-colorful-red.jpg]
[markets.businessinsider.com/images/unsortiert/andrew-left-custom-graphic.jpg]
[markets.businessinsider.com/news/stocks/stock-market-outlook-august-small-caps-rate-cuts-tom-lee-2024-7.html]
[markets.businessinsider.com/images/unsortiert/tomlee.jpg]
[markets.businessinsider.com/news/stocks/crowdstrike-stock-price-crash-it-outage-delta-hired-lawyer-boies-2024-7.html]
[markets.businessinsider.com/news/stocks/stock-market-outlook-chart-prediction-cyclical-bull-rally-last-years-2024-7.html]
[markets.businessinsider.com/news/stocks/stock-market-bubble-corporate-debt-bankruptcies-financial-crisis-economy-2024-7.html]
[markets.businessinsider.com/news/stocks/stock-market-outlook-bullish-signal-flashes-first-time-since-2009-2024-7.html]
[markets.businessinsider.com/news/meta-stock.html]
[markets.businessinsider.com/stocks/ma-stock.html]
[markets.businessinsider.com/news/ma-stock.html]
[markets.businessinsider.com/stocks/ssnlf-stock.html]
[markets.businessinsider.com/news/ssnlf-stock.html]
[markets.businessinsider.com/stocks/tmus-stock.html]
[markets.businessinsider.com/news/tmus-stock.html]
[markets.businessinsider.com/stocks/qcom-stock.html]
[markets.businessinsider.com/news/qcom-stock.html]
[markets.businessinsider.com/stocks/intc-stock.html]
[markets.businessinsider.com/stocks/aapl-stock.html]
[markets.businessinsider.com/stocks/ba-stock.html]
[markets.businessinsider.com/stocks/msft-stock.html]
[markets.businessinsider.com/stocks/jnj-stock.html]
[markets.businessinsider.com/stocks/unh-stock.html]
[markets.businessinsider.com/stocks/wmt-stock.html]
[markets.businessinsider.com/stocks/trv-stock.html]
[markets.businessinsider.com/news/stocks/what-stocks-to-buy-now-industrial-earnings-revision-breadth-ms-2024-7.html]
[markets.businessinsider.com/news/stocks/stock-market-today-investors-data-earnings-july-fed-fomc-meeting-2024-7.html]
[markets.businessinsider.com/news/stocks/tesla-stock-price-prediction-top-pick-zev-credit-market-tsla-2024-7.html]
[markets.businessinsider.com/rates/u-s--rates-3-months.html]
[markets.businessinsider.com/rates/u-s--rates-2-years.html]
[markets.businessinsider.com/rates/u-s--rates-10-years2f8c.html]
[markets.businessinsider.com/rates/u-s--rates-30-years2f8c.html]
[markets.businessinsider.com/currencies/usd-jpy.html]
[markets.businessinsider.com/commodities/nickel-price.html]
[markets.businessinsider.com/commodities/palladium-price.html]
[markets.businessinsider.com/commodities/coal-price.html]
[markets.businessinsider.com/commodities/oats-price.html]
[markets.businessinsider.com/commodities/coffee-price.html]
[markets.businessinsider.com/commodities/milk-price.html]
[markets.businessinsider.com/news/stocks/mcdonalds-stock-price-soaring-big-q2-earnings-miss-value-meals-2024-7.html]
[markets.businessinsider.com/news/stocks/technology-stocks-sell-off-outlook-buy-the-dip-opportunity-ubs-2024-7.html]
[markets.businessinsider.com/etfs/vaneck-junior-gold-miners-etf-us92189f7915.html]
[markets.businessinsider.com/etfs/vaneck-gold-miners-etf-us92189f1066.html]
[markets.businessinsider.com/etfs/the-energy-select-sector-spdr-fund-us81369y5069.html]
[markets.businessinsider.com/etfs/ishares-core-us-aggregate-bond-etf-us4642872265.html]
[markets.businessinsider.com/etfs/spdr-portfolio-aggregate-bond-etf-us78464a6495.html]
[markets.businessinsider.com/etfs/spdr-portfolio-long-term-corporate-bond-etf-us78464a3674.html]
[markets.businessinsider.com/etfs/xtrackers-high-yield-corporate-bond-etf-us2330514322.html]
[markets.businessinsider.com/etfs/spdr-bloomberg-short-term-high-yield-bond-etf-us78468r4083.html]
[markets.businessinsider.com/etfs/ishares-sp-gsci-commodity-indexed-trust-us46428r1077.html]
[markets.businessinsider.com/etfs/invesco-db-commodity-index-tracking-fund-us46138b1035.html]
[markets.businessinsider.com/etfs/united-states-natural-gas-fund-lp-us9123184098.html]
[markets.businessinsider.com/etfs/abrdn-physical-silver-shares-etf-us0032641088.html]
[markets.businessinsider.com/etfs/spdr-gold-shares-us78463v1070.html]
[markets.businessinsider.com/index.html]
[markets.businessinsider.com/Content/Scripts/web-push/init.minaf4c.js]
[markets.businessinsider.com/Images/FacebookIcon.jpg]
[markets.businessinsider.com/cache/css/style.minf40b.css]
[markets.businessinsider.com/Content/Scripts/basic.minf40b.js]
[markets.businessinsider.com/mymarkets/login.html]
[markets.businessinsider.com/mymarkets.html]
[markets.businessinsider.com/Content/dist/styles98cb.css]
[markets.businessinsider.com/cache/css/chartiq/stx-chart98cb.css]
[markets.businessinsider.com/Content/Scripts/jquery-1.11.3.min98cb.js]
[markets.businessinsider.com/Content/Scripts/jquery.lazy-master/jquery.lazy.min98cb.js]
[markets.businessinsider.com/Content/Scripts/jquery-ui.min98cb.js]
[markets.businessinsider.com/Content/Scripts/jquery.color.min98cb.js]
[markets.businessinsider.com/Content/Scripts/MDSnG/Config.min98cb.js]
[markets.businessinsider.com/Content/Scripts/MDSnG/min/clientApi.min98cb.js]
[markets.businessinsider.com/Content/dist/scripts98cb.js]
[markets.businessinsider.com/stocks/cvx-stock.html]
[markets.businessinsider.com/stocks/ibm-stock.html]
[markets.businessinsider.com/stocks/vz-stock.html]
[markets.businessinsider.com/stocks/csco-stock.html]
[markets.businessinsider.com/stocks/ko-stock.html]
[markets.businessinsider.com/stocks/amgn-stock.html]
[markets.businessinsider.com/stocks/mrk-stock.html]
[markets.businessinsider.com/stocks/mmm-stock.html]
[markets.businessinsider.com/stocks/jpm-stock.html]
[markets.businessinsider.com/stocks/v-stock.html]
[markets.businessinsider.com/stocks/pg-stock.html]
[markets.businessinsider.com/stocks/hd-stock.html]
[markets.businessinsider.com/stocks.html]
[markets.businessinsider.com/Content/Scripts/web-push/init.min98cb.js]
[markets.businessinsider.com/commodities/rbob-gasoline.html]
[markets.businessinsider.com/commodities/platinum-price.html]
[markets.businessinsider.com/commodities/ethanol-price.html]
[markets.businessinsider.com/commodities/uranium-price.html]
[markets.businessinsider.com/commodities/oil-price6358.html]
[markets.businessinsider.com/commodities/lead-price.html]
[markets.businessinsider.com/commodities/iron-ore-price.html]
[markets.businessinsider.com/commodities/zinc-price.html]
[markets.businessinsider.com/commodities/tin-price.html]
[markets.businessinsider.com/commodities/lumber-price.html]
[markets.businessinsider.com/commodities/cocoa-price.html]
[markets.businessinsider.com/commodities/live-cattle-price.html]
[markets.businessinsider.com/commodities/lean-hog-price.html]
[markets.businessinsider.com/commodities.html]
[markets.businessinsider.com/cryptocurrencies.html]
[markets.businessinsider.com/currencies.html]
[markets.businessinsider.com/etfs.html]
[markets.businessinsider.com/news.html]
[markets.businessinsider.com/economic-calendar.html]
[markets.businessinsider.com/earnings-calendar.html]
[markets.businessinsider.com/stocks/find-stocks.html]
[markets.businessinsider.com/bonds.html]
[markets.businessinsider.com/funds.html]
[markets.businessinsider.com/premarket.html]
[markets.businessinsider.com/index/market-movers/dow_jones.html]
[markets.businessinsider.com/index/dow_jones.html]
[markets.businessinsider.com/index/market-movers/dow_jones1020.html]
[markets.businessinsider.com/index/components/dow_jones1020.html]
[markets.businessinsider.com/stocks/dividends.html]
[markets.businessinsider.com/index/components/dow_jones.html]
[markets.businessinsider.com/index/s&p_500.html]
[markets.businessinsider.com/index/nasdaq_100.html]
[markets.businessinsider.com/news/ressort/commodities.html]
[markets.businessinsider.com/commodities/realtime-list.html]
[markets.businessinsider.com/commodities/gold-price.html]
[markets.businessinsider.com/commodities/oil-price.html]
[markets.businessinsider.com/commodities/copper-price.html]
[markets.businessinsider.com/currencies/btc-usd.html]
[markets.businessinsider.com/currencies/eth-usd.html]
[markets.businessinsider.com/news/ressort/currencies.html]
[markets.businessinsider.com/currencies/realtime-list.html]
[markets.businessinsider.com/currency-converter.html]
[markets.businessinsider.com/currencies/eur-usd.html]
[markets.businessinsider.com/currencies/gbp-usd.html]
[markets.businessinsider.com/index/us-dollar-index.html]
[markets.businessinsider.com/news/ressort/etf.html]
[markets.businessinsider.com/etf/finder.html]
[markets.businessinsider.com/etf/investmentcompanies.html]
[markets.businessinsider.com/index/dow_jones_global_dow.html]
[markets.businessinsider.com/index/nasdaq_composite.html]
[markets.businessinsider.com/index/nyse_international_100.html]
[markets.businessinsider.com/index/nyse_us_100.html]
[markets.businessinsider.com/index/russell_2000.html]
[markets.businessinsider.com/index/s&p_tsx_composite_index.html]
[markets.businessinsider.com/index/vix.html]
[markets.businessinsider.com/index/dax.html]
[markets.businessinsider.com/index/divdax-kursindex.html]
[markets.businessinsider.com/index/mdax.html]
[markets.businessinsider.com/index/tecdax.html]
[markets.businessinsider.com/index/aex.html]
[markets.businessinsider.com/index/cac_40.html]
[markets.businessinsider.com/index/ftse_100.html]
[markets.businessinsider.com/index/ibex_35.html]
[markets.businessinsider.com/index/omx.html]
[markets.businessinsider.com/index/smi.html]
[markets.businessinsider.com/index/bsx.html]
[markets.businessinsider.com/index/igpa.html]
[markets.businessinsider.com/index/ibc.html]
[markets.businessinsider.com/index/bvq.html]
[markets.businessinsider.com/index/rts.html]
[markets.businessinsider.com/index/sax.html]
[markets.businessinsider.com/index/egx30.html]
[markets.businessinsider.com/index/nse.html]
[markets.businessinsider.com/index/hang_seng.html]
[markets.businessinsider.com/index/kospi.html]
[markets.businessinsider.com/index/nikkei_225.html]
[markets.businessinsider.com/index/sensex.html]
[markets.businessinsider.com/index/shanghai_composite.html]
[markets.businessinsider.com/news/stocks/stock-market-today-fed-rate-cuts-outlook-tech-nvidia-amd-2024-7.html]
[markets.businessinsider.com/public/assets/MI/logos/MI-logo-dark-new.svg]
[markets.businessinsider.com/public/assets/BI/US/icons/facebook.svg]
[markets.businessinsider.com/public/assets/BI/US/icons/twitter.svg]
[markets.businessinsider.com/public/assets/logos/stacked-black.svg]
[markets.businessinsider.com/index/asx.html]
[markets.businessinsider.com/futures/dow-futures.html]
[markets.businessinsider.com/market-movers/dow_jones.html]
[markets.businessinsider.com/commodities/oil-priced9de.html]
[markets.businessinsider.com/commodities/silver-price.html]
[markets.businessinsider.com/commodities/cotton-price.html]
[markets.businessinsider.com/commodities/heating-oil-price.html]
[markets.businessinsider.com/commodities/aluminum-price.html]
[markets.businessinsider.com/commodities/natural-gas-price.html]
[markets.businessinsider.com/currencies/usd-cad.html]
[markets.businessinsider.com/currencies/usd-mxn.html]
[markets.businessinsider.com/currencies/usd-inr.html]
[markets.businessinsider.com/stocks/goog-stock.html]
[markets.businessinsider.com/stocks/meta-stock.html]
[markets.businessinsider.com/stocks/amzn-stock.html]
[markets.businessinsider.com/stocks/tsla-stock.html]
[markets.businessinsider.com/stocks/dow-stock.html]
[markets.businessinsider.com/your-privacy-choices.html]
[markets.businessinsider.com/public/assets/shared/privacy-options.svg]
[markets.businessinsider.com/public/assets/INSIDER/US/logos/Insider-logo-dark-opt.svg]
[markets.businessinsider.com/Content/dist/images/iconc2fd.svg]
[markets.businessinsider.com/Content/dist/images/logo-finanzen-ch.svg]
[markets.businessinsider.com/Content/dist/images/krypto-handeln-stoerer.svg]
[markets.businessinsider.com/Content/dist/images/apple-store-badge.svg]
[markets.businessinsider.com/Content/dist/images/google-play-badge.svg]
[markets.businessinsider.com/Content/dist/images/google_favicon.svg]
[markets.businessinsider.com/Content/dist/images/logo-boerse-online.svg]
[markets.businessinsider.com/Content/dist/images/logo-euro.svg]
[markets.businessinsider.com/Content/dist/images/moodys-rating.svg]
[markets.businessinsider.com/Content/dist/images/flags.svg]
[markets.businessinsider.com/images/stx-sprite-panelse22e.svg]
[markets.businessinsider.com/images/stx-sprite-uie22e.svg]
[markets.businessinsider.com/public/assets/shared/exclamation.svg]
[markets.businessinsider.com/public/assets/BI/US/tick.svg]
[markets.businessinsider.com/public/assets/spinning-circle-loading.svg]
[markets.businessinsider.com/Content/dist/stylesaf4c.css]
[markets.businessinsider.com/cache/css/chartiq/stx-chartaf4c.css]
[markets.businessinsider.com/news/commodities/big-short-gold-price-outlook-investment-us-dollar-debt-levels-2024-7.html]
[markets.businessinsider.com/news/currencies/bitcoin-price-reaction-trump-us-crypto-capital-planet-comments-impact-2024-7.html]
[markets.businessinsider.com/news/stocks/stock-market-outlook-august-small-caps-rate-cuts-tom-lee-2024-7.html]
[markets.businessinsider.com/news/stocks/crowdstrike-stock-price-crash-it-outage-delta-hired-lawyer-boies-2024-7.html]
[markets.businessinsider.com/news/stocks/stock-market-outlook-chart-prediction-cyclical-bull-rally-last-years-2024-7.html]
[markets.businessinsider.com/news/stocks/stock-market-bubble-corporate-debt-bankruptcies-financial-crisis-economy-2024-7.html]
[markets.businessinsider.com/news/stocks/stock-market-outlook-bullish-signal-flashes-first-time-since-2009-2024-7.html]
[markets.businessinsider.com/news/meta-stock.html]
[markets.businessinsider.com/stocks/ma-stock.html]
[markets.businessinsider.com/news/ma-stock.html]
[markets.businessinsider.com/stocks/ssnlf-stock.html]
[markets.businessinsider.com/news/ssnlf-stock.html]
[markets.businessinsider.com/stocks/tmus-stock.html]
[markets.businessinsider.com/news/tmus-stock.html]
[markets.businessinsider.com/stocks/qcom-stock.html]
[markets.businessinsider.com/news/qcom-stock.html]
[markets.businessinsider.com/stocks/intc-stock.html]
[markets.businessinsider.com/stocks/aapl-stock.html]
[markets.businessinsider.com/stocks/ba-stock.html]
[markets.businessinsider.com/stocks/msft-stock.html]
[markets.businessinsider.com/stocks/jnj-stock.html]
[markets.businessinsider.com/stocks/unh-stock.html]
[markets.businessinsider.com/stocks/wmt-stock.html]
[markets.businessinsider.com/stocks/trv-stock.html]
[markets.businessinsider.com/news/stocks/what-stocks-to-buy-now-industrial-earnings-revision-breadth-ms-2024-7.html]
[markets.businessinsider.com/news/stocks/stock-market-today-investors-data-earnings-july-fed-fomc-meeting-2024-7.html]
[markets.businessinsider.com/news/stocks/tesla-stock-price-prediction-top-pick-zev-credit-market-tsla-2024-7.html]
[markets.businessinsider.com/rates/u-s--rates-3-months.html]
[markets.businessinsider.com/rates/u-s--rates-2-years.html]
[markets.businessinsider.com/rates/u-s--rates-10-years2f8c.html]
[markets.businessinsider.com/rates/u-s--rates-30-years2f8c.html]
[markets.businessinsider.com/currencies/usd-jpy.html]
[markets.businessinsider.com/commodities/nickel-price.html]
[markets.businessinsider.com/commodities/palladium-price.html]
[markets.businessinsider.com/commodities/coal-price.html]
[markets.businessinsider.com/commodities/oats-price.html]
[markets.businessinsider.com/commodities/coffee-price.html]
[markets.businessinsider.com/commodities/milk-price.html]
[markets.businessinsider.com/news/stocks/mcdonalds-stock-price-soaring-big-q2-earnings-miss-value-meals-2024-7.html]
[markets.businessinsider.com/news/stocks/technology-stocks-sell-off-outlook-buy-the-dip-opportunity-ubs-2024-7.html]
[markets.businessinsider.com/etfs/vaneck-junior-gold-miners-etf-us92189f7915.html]
[markets.businessinsider.com/etfs/vaneck-gold-miners-etf-us92189f1066.html]
[markets.businessinsider.com/etfs/the-energy-select-sector-spdr-fund-us81369y5069.html]
[markets.businessinsider.com/etfs/ishares-core-us-aggregate-bond-etf-us4642872265.html]
[markets.businessinsider.com/etfs/spdr-portfolio-aggregate-bond-etf-us78464a6495.html]
[markets.businessinsider.com/etfs/spdr-portfolio-long-term-corporate-bond-etf-us78464a3674.html]
[markets.businessinsider.com/etfs/xtrackers-high-yield-corporate-bond-etf-us2330514322.html]
[markets.businessinsider.com/etfs/spdr-bloomberg-short-term-high-yield-bond-etf-us78468r4083.html]
[markets.businessinsider.com/etfs/ishares-sp-gsci-commodity-indexed-trust-us46428r1077.html]
[markets.businessinsider.com/etfs/invesco-db-commodity-index-tracking-fund-us46138b1035.html]
[markets.businessinsider.com/etfs/united-states-natural-gas-fund-lp-us9123184098.html]
[markets.businessinsider.com/etfs/abrdn-physical-silver-shares-etf-us0032641088.html]
[markets.businessinsider.com/etfs/spdr-gold-shares-us78463v1070.html]
[markets.businessinsider.com/logo_144x144.html]
[markets.businessinsider.com/logo_114x114.html]
[markets.businessinsider.com/logo_72x72.html]
[markets.businessinsider.com/logo_57x57.html]
[markets.businessinsider.com/cache/css/style.minf40b.css]
[markets.businessinsider.com/mymarkets/login.html]
[markets.businessinsider.com/Content/dist/styles98cb.css]
[markets.businessinsider.com/cache/css/chartiq/stx-chart98cb.css]
[markets.businessinsider.com/stocks/vz-stock.html]
[markets.businessinsider.com/stocks/cvx-stock.html]
[markets.businessinsider.com/stocks/ibm-stock.html]
[markets.businessinsider.com/stocks/csco-stock.html]
[markets.businessinsider.com/stocks/ko-stock.html]
[markets.businessinsider.com/stocks/amgn-stock.html]
[markets.businessinsider.com/stocks/mrk-stock.html]
[markets.businessinsider.com/stocks/mmm-stock.html]
[markets.businessinsider.com/stocks/jpm-stock.html]
[markets.businessinsider.com/stocks/v-stock.html]
[markets.businessinsider.com/stocks/pg-stock.html]
[markets.businessinsider.com/stocks/hd-stock.html]
[markets.businessinsider.com/commodities/rbob-gasoline.html]
[markets.businessinsider.com/commodities/platinum-price.html]
[markets.businessinsider.com/commodities/ethanol-price.html]
[markets.businessinsider.com/commodities/uranium-price.html]
[markets.businessinsider.com/commodities/oil-price6358.html]
[markets.businessinsider.com/commodities/lead-price.html]
[markets.businessinsider.com/commodities/iron-ore-price.html]
[markets.businessinsider.com/commodities/zinc-price.html]
[markets.businessinsider.com/commodities/tin-price.html]
[markets.businessinsider.com/commodities/lumber-price.html]
[markets.businessinsider.com/commodities/cocoa-price.html]
[markets.businessinsider.com/commodities/live-cattle-price.html]
[markets.businessinsider.com/commodities/lean-hog-price.html]
